// Jest Snapshot v1, https://goo.gl/fbAQLP

exports[`Render should render component 1`] = `
<form
  className="edit-bike__form"
  onSubmit={[Function]}
>
  <BikeInput
    className="edit-bike__input"
    handleChange={[Function]}
    key="0-fork"
    name="fork"
    placeholder="fork"
    value="alpina"
  />
  <BikeInput
    className="edit-bike__input"
    handleChange={[Function]}
    key="1-cranks"
    name="cranks"
    placeholder="cranks"
    value="dura ace"
  />
  <BikeInput
    className="edit-bike__input"
    handleChange={[Function]}
    key="2-saddle"
    name="saddle"
    placeholder="saddle"
    value="slr"
  />
  <BikeInput
    className="edit-bike__input"
    handleChange={[Function]}
    key="3-handlebars"
    name="handlebars"
    placeholder="handlebars"
    value="easton"
  />
  <BikeInput
    className="edit-bike__input"
    handleChange={[Function]}
    key="4-frame"
    name="frame"
    placeholder="frame"
    value="dolan"
  />
  <BikeInput
    className="edit-bike__input"
    handleChange={[Function]}
    key="5-frontWheel"
    name="frontWheel"
    placeholder="frontWheel"
    value="halo"
  />
  <BikeInput
    className="edit-bike__input"
    handleChange={[Function]}
    key="6-instagram"
    name="instagram"
    placeholder="instagram"
    value="fistasthlm"
  />
  <BikeInput
    className="edit-bike__input"
    handleChange={[Function]}
    key="7-rearWheel"
    name="rearWheel"
    placeholder="rearWheel"
    value="halo"
  />
  <BikeInput
    className="edit-bike__input"
    handleChange={[Function]}
    key="8-title"
    name="title"
    placeholder="title"
    value="dolan"
  />
  <BikeInput
    className="edit-bike__input"
    handleChange={[Function]}
    key="10-pedals"
    name="pedals"
    placeholder="pedals"
    value="time"
  />
  <BikeInput
    className="edit-bike__input"
    handleChange={[Function]}
    key="11-drivetrain"
    name="drivetrain"
    placeholder="drivetrain"
    value="kmc"
  />
  <button
    className="add-bike__submit add-bike__submit--disabled"
    type="submit"
  >
    Save bieeek
  </button>
</form>
`;
