// Jest Snapshot v1, https://goo.gl/fbAQLP

exports[`Render should render component 1`] = `
<BikeGrid
  bikes={
    Immutable.List [
      Immutable.Map {
        "title": "dolan",
      },
    ]
  }
/>
`;

exports[`Render should render loader if network progress 1`] = `<Loader />`;

exports[`Render should render no bikes 1`] = `<NoBikes />`;

exports[`Render should render redirect when not authenticated 1`] = `
<Redirect
  push={false}
  to={
    Object {
      "pathname": "/login",
    }
  }
/>
`;
